// Jest Snapshot v1, https://goo.gl/fbAQLP

exports[`DataDogStatsReporter constructor should throw if multiple options are missing 1`] = `"DataDogStatsReporter: apiKey is required. metricName is required."`;

exports[`DataDogStatsReporter constructor should throw if options.apiKey is missing 1`] = `"DataDogStatsReporter: apiKey is required."`;

exports[`DataDogStatsReporter constructor should throw if options.metricName is missing 1`] = `"DataDogStatsReporter: metricName is required."`;
